-- Running vcpkg install
error: while checking out baseline from commit 'ce613c41372b23b1f51333815feb3edd87ef8a8b', failed to `git show` versions/baseline.json. This may be fixed by fetching commits with `git fetch`.
error: /usr/bin/git --git-dir=/home/runner/work/github_action_shell/github_action_shell/source/.vcpkg/.git --work-tree=/home/runner/work/github_action_shell/github_action_shell/source/.vcpkg/.git -c core.autocrlf=false show ce613c41372b23b1f51333815feb3edd87ef8a8b:versions/baseline.json failed with exit code 128
fatal: path 'versions/baseline.json' exists on disk, but not in 'ce613c41372b23b1f51333815feb3edd87ef8a8b'
while checking out baseline ce613c41372b23b1f51333815feb3edd87ef8a8b
while loading baseline version for catch2
error: while checking out baseline from commit 'ce613c41372b23b1f51333815feb3edd87ef8a8b', failed to `git show` versions/baseline.json. This may be fixed by fetching commits with `git fetch`.
error: /usr/bin/git --git-dir=/home/runner/work/github_action_shell/github_action_shell/source/.vcpkg/.git --work-tree=/home/runner/work/github_action_shell/github_action_shell/source/.vcpkg/.git -c core.autocrlf=false show ce613c41372b23b1f51333815feb3edd87ef8a8b:versions/baseline.json failed with exit code 128
fatal: path 'versions/baseline.json' exists on disk, but not in 'ce613c41372b23b1f51333815feb3edd87ef8a8b'
while checking out baseline ce613c41372b23b1f51333815feb3edd87ef8a8b
while loading baseline version for cpp-httplib
error: while checking out baseline from commit 'ce613c41372b23b1f51333815feb3edd87ef8a8b', failed to `git show` versions/baseline.json. This may be fixed by fetching commits with `git fetch`.
error: /usr/bin/git --git-dir=/home/runner/work/github_action_shell/github_action_shell/source/.vcpkg/.git --work-tree=/home/runner/work/github_action_shell/github_action_shell/source/.vcpkg/.git -c core.autocrlf=false show ce613c41372b23b1f51333815feb3edd87ef8a8b:versions/baseline.json failed with exit code 128
fatal: path 'versions/baseline.json' exists on disk, but not in 'ce613c41372b23b1f51333815feb3edd87ef8a8b'
while checking out baseline ce613c41372b23b1f51333815feb3edd87ef8a8b
while loading baseline version for crow
error: while checking out baseline from commit 'ce613c41372b23b1f51333815feb3edd87ef8a8b', failed to `git show` versions/baseline.json. This may be fixed by fetching commits with `git fetch`.
error: /usr/bin/git --git-dir=/home/runner/work/github_action_shell/github_action_shell/source/.vcpkg/.git --work-tree=/home/runner/work/github_action_shell/github_action_shell/source/.vcpkg/.git -c core.autocrlf=false show ce613c41372b23b1f51333815feb3edd87ef8a8b:versions/baseline.json failed with exit code 128
fatal: path 'versions/baseline.json' exists on disk, but not in 'ce613c41372b23b1f51333815feb3edd87ef8a8b'
while checking out baseline ce613c41372b23b1f51333815feb3edd87ef8a8b
while loading baseline version for nlohmann-json
error: while checking out baseline from commit 'ce613c41372b23b1f51333815feb3edd87ef8a8b', failed to `git show` versions/baseline.json. This may be fixed by fetching commits with `git fetch`.
error: /usr/bin/git --git-dir=/home/runner/work/github_action_shell/github_action_shell/source/.vcpkg/.git --work-tree=/home/runner/work/github_action_shell/github_action_shell/source/.vcpkg/.git -c core.autocrlf=false show ce613c41372b23b1f51333815feb3edd87ef8a8b:versions/baseline.json failed with exit code 128
fatal: path 'versions/baseline.json' exists on disk, but not in 'ce613c41372b23b1f51333815feb3edd87ef8a8b'
while checking out baseline ce613c41372b23b1f51333815feb3edd87ef8a8b
while loading baseline version for spdlog
error: while checking out baseline from commit 'ce613c41372b23b1f51333815feb3edd87ef8a8b', failed to `git show` versions/baseline.json. This may be fixed by fetching commits with `git fetch`.
error: /usr/bin/git --git-dir=/home/runner/work/github_action_shell/github_action_shell/source/.vcpkg/.git --work-tree=/home/runner/work/github_action_shell/github_action_shell/source/.vcpkg/.git -c core.autocrlf=false show ce613c41372b23b1f51333815feb3edd87ef8a8b:versions/baseline.json failed with exit code 128
fatal: path 'versions/baseline.json' exists on disk, but not in 'ce613c41372b23b1f51333815feb3edd87ef8a8b'
while checking out baseline ce613c41372b23b1f51333815feb3edd87ef8a8b
while loading baseline version for sqlite3
error: while checking out baseline from commit 'ce613c41372b23b1f51333815feb3edd87ef8a8b', failed to `git show` versions/baseline.json. This may be fixed by fetching commits with `git fetch`.
error: /usr/bin/git --git-dir=/home/runner/work/github_action_shell/github_action_shell/source/.vcpkg/.git --work-tree=/home/runner/work/github_action_shell/github_action_shell/source/.vcpkg/.git -c core.autocrlf=false show ce613c41372b23b1f51333815feb3edd87ef8a8b:versions/baseline.json failed with exit code 128
fatal: path 'versions/baseline.json' exists on disk, but not in 'ce613c41372b23b1f51333815feb3edd87ef8a8b'
while checking out baseline ce613c41372b23b1f51333815feb3edd87ef8a8b
while loading baseline version for sqlpp11
error: while checking out baseline from commit 'ce613c41372b23b1f51333815feb3edd87ef8a8b', failed to `git show` versions/baseline.json. This may be fixed by fetching commits with `git fetch`.
error: /usr/bin/git --git-dir=/home/runner/work/github_action_shell/github_action_shell/source/.vcpkg/.git --work-tree=/home/runner/work/github_action_shell/github_action_shell/source/.vcpkg/.git -c core.autocrlf=false show ce613c41372b23b1f51333815feb3edd87ef8a8b:versions/baseline.json failed with exit code 128
fatal: path 'versions/baseline.json' exists on disk, but not in 'ce613c41372b23b1f51333815feb3edd87ef8a8b'
while checking out baseline ce613c41372b23b1f51333815feb3edd87ef8a8b
while loading baseline version for sqlpp11-connector-mysql
error: while checking out baseline from commit 'ce613c41372b23b1f51333815feb3edd87ef8a8b', failed to `git show` versions/baseline.json. This may be fixed by fetching commits with `git fetch`.
error: /usr/bin/git --git-dir=/home/runner/work/github_action_shell/github_action_shell/source/.vcpkg/.git --work-tree=/home/runner/work/github_action_shell/github_action_shell/source/.vcpkg/.git -c core.autocrlf=false show ce613c41372b23b1f51333815feb3edd87ef8a8b:versions/baseline.json failed with exit code 128
fatal: path 'versions/baseline.json' exists on disk, but not in 'ce613c41372b23b1f51333815feb3edd87ef8a8b'
while checking out baseline ce613c41372b23b1f51333815feb3edd87ef8a8b
while loading baseline version for sqlpp11-connector-sqlite3
-- Running vcpkg install - failed
CMake Error at .vcpkg/scripts/buildsystems/vcpkg.cmake:984 (message):
  vcpkg install failed.  See logs for more information:
  /home/runner/work/github_action_shell/github_action_shell/source/build/vcpkg-manifest-install.log
Call Stack (most recent call first):
  /usr/local/share/cmake-3.31/Modules/CMakeDetermineSystem.cmake:146 (include)
  CMakeLists.txt:17 (project)


CMake Error: CMake was unable to find a build program corresponding to "Unix Makefiles".  CMAKE_MAKE_PROGRAM is not set.  You probably need to select a different build tool.
CMake Error: CMAKE_CXX_COMPILER not set, after EnableLanguage
-- Configuring incomplete, errors occurred!
